DATABASE_URL: postgresql://neondb_owner:npg_FB8Hgz4fXbZD@ep-quie...
Creating pool...
Testing connection...
node.exe : Γ¥î 
Database connection 
failed:
At C:\Program Files\
nodejs\npx.ps1:29 
char:3
+   & $NODE_EXE 
$NPX_CLI_JS $args
+   ~~~~~~~~~~~~~~~~
~~~~~~~~~~~~~
    + CategoryInfo  
            : NotS  
  pecified: (Γ¥î    
 Database connec    
tion failed::St    
ring) [], Remot    
eException
    + FullyQualifie 
   dErrorId : Nati  
  veCommandError
 
ErrorEvent {
  
[Symbol(kTarget)]: 
WebSocket {
    _events: 
[Object: null 
prototype] {
      error: 
[Function],
      message: 
[Function],
      close: 
[Function],
      open: 
[Function]
    },
    _eventsCount: 4,
    _maxListeners: 
undefined,
    _binaryType: 
'arraybuffer',
    _closeCode: 
1006,
    _closeFrameRecei
ved: false,
    
_closeFrameSent: 
false,
    _closeMessage: 
<Buffer >,
    _closeTimer: 
null,
    _errorEmitted: 
true,
    _extensions: {},
    _paused: false,
    _protocol: '',
    _readyState: 3,
    _receiver: null,
    _sender: null,
    _socket: null,
    
_bufferedAmount: 0,
    _isServer: 
false,
    _redirects: 0,
    _autoPong: true,
    _closeTimeout: 
30000,
    _url: 'wss://ep-
quiet-field-ahrhwlsu
.c-3.us-east-1.aws.n
eon.tech/v2',
    _req: null,
    [Symbol(shapeMod
e)]: false,
    
[Symbol(kCapture)]: 
false
  },
  [Symbol(kType)]: 
'error',
  [Symbol(kError)]: 
AggregateError 
[ETIMEDOUT]: 
      at internalCon
nectMultiple 
(node:net:1139:18)
      at afterConnec
tMultiple 
(node:net:1712:7) {
    code: 
'ETIMEDOUT',
    [errors]: [ 
[Error], [Error], 
[Error], [Error], 
[Error], [Error] ]
  },
  
[Symbol(kMessage)]: 
''
}

Error details: {
  "stack": "Error\n 
   at file:///C:/Use
rs/Administrator/Des
ktop/classroomx/clas
sroom-backend/node_m
odules/@neondatabase
/serverless/index.mj
s:1087:33\n    at pr
ocess.processTicksAn
dRejections (node:in
ternal/process/task_
queues:105:5)\n    
at async 
testConnection (C:\\
Users\\Administrator
\\Desktop\\classroom
x\\classroom-backend
\\test-db-connection
.ts:16:24)"
}
